<VTNamespace xmlns:xsi="" xmlns:xsd="">
    <Name>card</Name>
    <VTEntities>
        <Entity Name="EncryptionKey" Mode="Full">
            <TerminalPath>encryption-keys</TerminalPath>
            <Attributes>
                <Attribute Name="ID" AttrName="ID" SearchName="ID" Summary="true" Search="true" Max="0" Min="0" Required="false" Validate=""></Attribute>
                <Attribute Name="IssuedCount" AttrName="IssuedCount" SearchName="IssuedCount" Summary="true" Search="true" Max="0" Min="0" Required="true" Validate=""></Attribute>
                <Attribute Name="CreatedAt" AttrName="CreatedAt" SearchName="CreatedAt" Summary="true" Search="true" Max="0" Min="0" Required="false" Validate=""></Attribute>
                <Attribute Name="UpdatedAt" AttrName="UpdatedAt" SearchName="UpdatedAt" Summary="true" Search="true" Max="0" Min="0" Required="false" Validate=""></Attribute>
                <Attribute Name="ExpiresAt" AttrName="ExpiresAt" SearchName="ExpiresAt" Summary="true" Search="true" Max="0" Min="0" Required="true" Validate=""></Attribute>
                <Attribute Name="StatusID" AttrName="StatusID" SearchName="StatusID" Summary="true" Search="true" Max="0" Min="0" Required="true" Validate="status"></Attribute>
                <Attribute Name="IDs" SearchName="IDs" Summary="false" Search="true" Max="0" Min="0" Required="false" Validate=""></Attribute>
            </Attributes>
            <Template>
                <Attribute Name="IssuedCount" VTAttrName="IssuedCount" List="true" Form="HTML_INPUT" Search="HTML_INPUT"></Attribute>
                <Attribute Name="CreatedAt" VTAttrName="CreatedAt" List="false" Form="HTML_NONE" Search="HTML_DATETIME"></Attribute>
                <Attribute Name="UpdatedAt" VTAttrName="UpdatedAt" List="true" Form="HTML_DATETIME" Search="HTML_DATETIME"></Attribute>
                <Attribute Name="ExpiresAt" VTAttrName="ExpiresAt" List="true" Form="HTML_DATETIME" Search="HTML_DATETIME"></Attribute>
                <Attribute Name="StatusID" VTAttrName="StatusID" List="true" Form="HTML_INPUT" Search="HTML_INPUT"></Attribute>
                <Attribute Name="IDs" VTAttrName="IDs" List="false" Form="HTML_NONE" Search="HTML_SELECT"></Attribute>
            </Template>
        </Entity>
    </VTEntities>
</VTNamespace>
