<VTNamespace xmlns:xsi="" xmlns:xsd="">
    <Name>portal</Name>
    <VTEntities>
        <Entity Name="Category" Mode="Full">
            <TerminalPath>categories</TerminalPath>
            <Attributes>
                <Attribute Name="ID" AttrName="ID" SearchName="ID" Summary="true" Search="true" Max="0" Min="0" Required="false" Validate=""></Attribute>
                <Attribute Name="Title" AttrName="Title" SearchName="TitleILike" Summary="true" Search="true" Max="255" Min="0" Required="true" Validate=""></Attribute>
                <Attribute Name="OrderNumber" AttrName="OrderNumber" SearchName="OrderNumber" Summary="true" Search="true" Max="0" Min="0" Required="true" Validate=""></Attribute>
                <Attribute Name="StatusID" AttrName="StatusID" SearchName="StatusID" Summary="true" Search="true" Max="0" Min="0" Required="true" Validate="status"></Attribute>
                <Attribute Name="IDs" SearchName="IDs" Summary="false" Search="true" Max="0" Min="0" Required="false" Validate=""></Attribute>
            </Attributes>
            <Template>
                <Attribute Name="Title" VTAttrName="Title" List="true" Form="HTML_INPUT" Search="HTML_INPUT"></Attribute>
                <Attribute Name="OrderNumber" VTAttrName="OrderNumber" List="true" Form="HTML_INPUT" Search="HTML_INPUT"></Attribute>
                <Attribute Name="StatusID" VTAttrName="StatusID" List="true" Form="HTML_INPUT" Search="HTML_INPUT"></Attribute>
                <Attribute Name="IDs" VTAttrName="IDs" List="false" Form="HTML_NONE" Search="HTML_SELECT"></Attribute>
            </Template>
        </Entity>
        <Entity Name="News" Mode="Full">
            <TerminalPath>news</TerminalPath>
            <Attributes>
                <Attribute Name="ID" AttrName="ID" SearchName="ID" Summary="true" Search="true" Max="0" Min="0" Required="false" Validate=""></Attribute>
                <Attribute Name="Title" AttrName="Title" SearchName="TitleILike" Summary="true" Search="true" Max="255" Min="0" Required="true" Validate=""></Attribute>
                <Attribute Name="Preview" AttrName="Preview" SearchName="PreviewILike" Summary="true" Search="true" Max="255" Min="0" Required="false" Validate=""></Attribute>
                <Attribute Name="Content" AttrName="Content" SearchName="ContentILike" Summary="true" Search="true" Max="0" Min="0" Required="false" Validate=""></Attribute>
                <Attribute Name="CategoryID" AttrName="CategoryID" SearchName="CategoryID" Summary="true" Search="true" Max="0" Min="0" Required="true" Validate=""></Attribute>
                <Attribute Name="CountryID" AttrName="CountryID" SearchName="CountryID" Summary="true" Search="true" Max="0" Min="0" Required="false" Validate=""></Attribute>
                <Attribute Name="RegionID" AttrName="RegionID" SearchName="RegionID" Summary="true" Search="true" Max="0" Min="0" Required="false" Validate=""></Attribute>
                <Attribute Name="CityID" AttrName="CityID" SearchName="CityID" Summary="true" Search="true" Max="0" Min="0" Required="false" Validate=""></Attribute>
                <Attribute Name="TagIDs" AttrName="TagIDs" SearchName="TagIDs" Summary="false" Search="false" Max="0" Min="0" Required="false" Validate=""></Attribute>
                <Attribute Name="CreatedAt" AttrName="CreatedAt" SearchName="CreatedAt" Summary="true" Search="true" Max="0" Min="0" Required="false" Validate=""></Attribute>
                <Attribute Name="PublishedAt" AttrName="PublishedAt" SearchName="PublishedAt" Summary="true" Search="true" Max="0" Min="0" Required="false" Validate=""></Attribute>
                <Attribute Name="StatusID" AttrName="StatusID" SearchName="StatusID" Summary="true" Search="true" Max="0" Min="0" Required="true" Validate="status"></Attribute>
                <Attribute Name="IDs" SearchName="IDs" Summary="false" Search="true" Max="0" Min="0" Required="false" Validate=""></Attribute>
            </Attributes>
            <Template>
                <Attribute Name="Title" VTAttrName="Title" List="true" Form="HTML_INPUT" Search="HTML_INPUT"></Attribute>
                <Attribute Name="Preview" VTAttrName="Preview" List="true" Form="HTML_INPUT" Search="HTML_INPUT"></Attribute>
                <Attribute Name="Content" VTAttrName="Content" List="true" Form="HTML_EDITOR" Search="HTML_EDITOR"></Attribute>
                <Attribute Name="CategoryID" VTAttrName="CategoryID" List="false" FKOpts="title" Form="HTML_INPUT" Search="HTML_INPUT"></Attribute>
                <Attribute Name="Category" VTAttrName="CategoryID" List="true" FKOpts="title" Form="" Search="HTML_NONE"></Attribute>
                <Attribute Name="CountryID" VTAttrName="CountryID" List="false" FKOpts="title" Form="HTML_INPUT" Search="HTML_INPUT"></Attribute>
                <Attribute Name="Country" VTAttrName="CountryID" List="true" FKOpts="title" Form="" Search="HTML_NONE"></Attribute>
                <Attribute Name="RegionID" VTAttrName="RegionID" List="false" FKOpts="title" Form="HTML_INPUT" Search="HTML_INPUT"></Attribute>
                <Attribute Name="Region" VTAttrName="RegionID" List="true" FKOpts="title" Form="" Search="HTML_NONE"></Attribute>
                <Attribute Name="CityID" VTAttrName="CityID" List="false" FKOpts="title" Form="HTML_INPUT" Search="HTML_INPUT"></Attribute>
                <Attribute Name="City" VTAttrName="CityID" List="false" FKOpts="title" Form="" Search="HTML_NONE"></Attribute>
                <Attribute Name="TagIDs" VTAttrName="TagIDs" List="false" FKOpts="title" Form="HTML_SELECT" Search="HTML_NONE"></Attribute>
                <Attribute Name="CreatedAt" VTAttrName="CreatedAt" List="false" Form="HTML_NONE" Search="HTML_DATETIME"></Attribute>
                <Attribute Name="PublishedAt" VTAttrName="PublishedAt" List="false" Form="HTML_DATETIME" Search="HTML_DATETIME"></Attribute>
                <Attribute Name="StatusID" VTAttrName="StatusID" List="true" Form="HTML_INPUT" Search="HTML_INPUT"></Attribute>
                <Attribute Name="IDs" VTAttrName="IDs" List="false" Form="HTML_NONE" Search="HTML_SELECT"></Attribute>
            </Template>
        </Entity>
        <Entity Name="Tag" Mode="Full">
            <TerminalPath>tags</TerminalPath>
            <Attributes>
                <Attribute Name="ID" AttrName="ID" SearchName="ID" Summary="true" Search="true" Max="0" Min="0" Required="false" Validate=""></Attribute>
                <Attribute Name="Title" AttrName="Title" SearchName="TitleILike" Summary="true" Search="true" Max="255" Min="0" Required="true" Validate=""></Attribute>
                <Attribute Name="StatusID" AttrName="StatusID" SearchName="StatusID" Summary="true" Search="true" Max="0" Min="0" Required="true" Validate="status"></Attribute>
                <Attribute Name="IDs" SearchName="IDs" Summary="false" Search="true" Max="0" Min="0" Required="false" Validate=""></Attribute>
            </Attributes>
            <Template>
                <Attribute Name="Title" VTAttrName="Title" List="true" Form="HTML_INPUT" Search="HTML_INPUT"></Attribute>
                <Attribute Name="StatusID" VTAttrName="StatusID" List="true" Form="HTML_INPUT" Search="HTML_INPUT"></Attribute>
                <Attribute Name="IDs" VTAttrName="IDs" List="false" Form="HTML_NONE" Search="HTML_SELECT"></Attribute>
            </Template>
        </Entity>
    </VTEntities>
</VTNamespace>
