<VTNamespace xmlns:xsi="" xmlns:xsd="">
    <Name>vfs</Name>
    <VTEntities>
        <Entity Name="VfsFile" Mode="Full">
            <TerminalPath>vfs-files</TerminalPath>
            <Attributes>
                <Attribute Name="ID" AttrName="ID" SearchName="ID" Summary="true" Search="true" Max="0" Min="0" Required="false" Validate=""></Attribute>
                <Attribute Name="FolderID" AttrName="FolderID" SearchName="FolderID" Summary="true" Search="true" Max="0" Min="0" Required="true" Validate=""></Attribute>
                <Attribute Name="Title" AttrName="Title" SearchName="TitleILike" Summary="true" Search="true" Max="255" Min="0" Required="true" Validate=""></Attribute>
                <Attribute Name="Path" AttrName="Path" SearchName="PathILike" Summary="true" Search="true" Max="255" Min="0" Required="true" Validate=""></Attribute>
                <Attribute Name="Params" AttrName="Params" SearchName="ParamsILike" Summary="true" Search="true" Max="0" Min="0" Required="false" Validate=""></Attribute>
                <Attribute Name="IsFavorite" AttrName="IsFavorite" SearchName="IsFavorite" Summary="true" Search="true" Max="0" Min="0" Required="false" Validate=""></Attribute>
                <Attribute Name="MimeType" AttrName="MimeType" SearchName="MimeTypeILike" Summary="true" Search="true" Max="255" Min="0" Required="true" Validate=""></Attribute>
                <Attribute Name="FileSize" AttrName="FileSize" SearchName="FileSize" Summary="true" Search="true" Max="0" Min="0" Required="false" Validate=""></Attribute>
                <Attribute Name="FileExists" AttrName="FileExists" SearchName="FileExists" Summary="true" Search="true" Max="0" Min="0" Required="true" Validate=""></Attribute>
                <Attribute Name="CreatedAt" AttrName="CreatedAt" SearchName="CreatedAt" Summary="true" Search="true" Max="0" Min="0" Required="false" Validate=""></Attribute>
                <Attribute Name="StatusID" AttrName="StatusID" SearchName="StatusID" Summary="true" Search="true" Max="0" Min="0" Required="true" Validate="status"></Attribute>
                <Attribute Name="IDs" SearchName="IDs" Summary="false" Search="true" Max="0" Min="0" Required="false" Validate=""></Attribute>
            </Attributes>
            <Template>
                <Attribute Name="FolderID" VTAttrName="FolderID" List="false" FKOpts="title" Form="HTML_INPUT" Search="HTML_INPUT"></Attribute>
                <Attribute Name="Folder" VTAttrName="FolderID" List="false" FKOpts="title" Form="" Search="HTML_NONE"></Attribute>
                <Attribute Name="Title" VTAttrName="Title" List="true" Form="HTML_INPUT" Search="HTML_INPUT"></Attribute>
                <Attribute Name="Path" VTAttrName="Path" List="true" Form="HTML_INPUT" Search="HTML_INPUT"></Attribute>
                <Attribute Name="Params" VTAttrName="Params" List="false" Form="HTML_TEXT" Search="HTML_TEXT"></Attribute>
                <Attribute Name="IsFavorite" VTAttrName="IsFavorite" List="true" Form="HTML_CHECKBOX" Search="HTML_CHECKBOX"></Attribute>
                <Attribute Name="MimeType" VTAttrName="MimeType" List="true" Form="HTML_INPUT" Search="HTML_INPUT"></Attribute>
                <Attribute Name="FileSize" VTAttrName="FileSize" List="true" Form="HTML_INPUT" Search="HTML_INPUT"></Attribute>
                <Attribute Name="FileExists" VTAttrName="FileExists" List="true" Form="HTML_CHECKBOX" Search="HTML_CHECKBOX"></Attribute>
                <Attribute Name="CreatedAt" VTAttrName="CreatedAt" List="false" Form="HTML_NONE" Search="HTML_DATETIME"></Attribute>
                <Attribute Name="StatusID" VTAttrName="StatusID" List="true" Form="HTML_INPUT" Search="HTML_INPUT"></Attribute>
                <Attribute Name="IDs" VTAttrName="IDs" List="false" Form="HTML_NONE" Search="HTML_SELECT"></Attribute>
            </Template>
        </Entity>
        <Entity Name="VfsFolder" Mode="Full">
            <TerminalPath>vfs-folders</TerminalPath>
            <Attributes>
                <Attribute Name="ID" AttrName="ID" SearchName="ID" Summary="true" Search="true" Max="0" Min="0" Required="false" Validate=""></Attribute>
                <Attribute Name="ParentFolderID" AttrName="ParentFolderID" SearchName="ParentFolderID" Summary="true" Search="true" Max="0" Min="0" Required="false" Validate=""></Attribute>
                <Attribute Name="Title" AttrName="Title" SearchName="TitleILike" Summary="true" Search="true" Max="255" Min="0" Required="true" Validate=""></Attribute>
                <Attribute Name="IsFavorite" AttrName="IsFavorite" SearchName="IsFavorite" Summary="true" Search="true" Max="0" Min="0" Required="false" Validate=""></Attribute>
                <Attribute Name="CreatedAt" AttrName="CreatedAt" SearchName="CreatedAt" Summary="true" Search="true" Max="0" Min="0" Required="false" Validate=""></Attribute>
                <Attribute Name="StatusID" AttrName="StatusID" SearchName="StatusID" Summary="true" Search="true" Max="0" Min="0" Required="true" Validate="status"></Attribute>
                <Attribute Name="IDs" SearchName="IDs" Summary="false" Search="true" Max="0" Min="0" Required="false" Validate=""></Attribute>
            </Attributes>
            <Template>
                <Attribute Name="ParentFolderID" VTAttrName="ParentFolderID" List="false" FKOpts="title" Form="HTML_INPUT" Search="HTML_INPUT"></Attribute>
                <Attribute Name="ParentFolder" VTAttrName="ParentFolderID" List="true" FKOpts="title" Form="" Search="HTML_NONE"></Attribute>
                <Attribute Name="Title" VTAttrName="Title" List="true" Form="HTML_INPUT" Search="HTML_INPUT"></Attribute>
                <Attribute Name="IsFavorite" VTAttrName="IsFavorite" List="true" Form="HTML_CHECKBOX" Search="HTML_CHECKBOX"></Attribute>
                <Attribute Name="CreatedAt" VTAttrName="CreatedAt" List="false" Form="HTML_NONE" Search="HTML_DATETIME"></Attribute>
                <Attribute Name="StatusID" VTAttrName="StatusID" List="true" Form="HTML_INPUT" Search="HTML_INPUT"></Attribute>
                <Attribute Name="IDs" VTAttrName="IDs" List="false" Form="HTML_NONE" Search="HTML_SELECT"></Attribute>
            </Template>
        </Entity>
    </VTEntities>
</VTNamespace>
